// Jest Snapshot v1, https://goo.gl/fbAQLP

exports[`Renderizando el componente TimeZoneCustom Carga el Render del Componente 1`] = `
<StrictMode>
  <div>
    <h1>
      WorldtimeLite
    </h1>
    <hr />
    <div
      className="alert alert-info text-center"
    >
      Loading...
    </div>
    <hr />
  </div>
</StrictMode>
`;
